// Jest Snapshot v1, https://goo.gl/fbAQLP

exports[`Banner component tests should render <BannerApp/> in the correct way 1`] = `
<div
  id="bannerundefined"
>
  <div
    id="text-banner"
  >
    <div
      className="banner-content"
    >
      <p
        id="title"
      >
        title
      </p>
      <h1
        className="subtitle"
        id="subtitle1"
      >
        subtitle1
      </h1>
      <h1
        className="subtitle"
        id="subtitle2"
      >
        subtitle2
      </h1>
      <p
        id="paragraph"
      >
        paragraph
      </p>
      <button />
    </div>
  </div>
</div>
`;
