// Jest Snapshot v1, https://goo.gl/fbAQLP

exports[`Cards component tests should render <Cards/> component in the correct way 1`] = `
<div
  className="cards"
>
  <div
    className="main-title"
  >
    <hr
      className="solid"
    />
    <h1
      id="text-info"
    >
      ¿Como funciona?
    </h1>
  </div>
  <CardInfo
    id={0}
    key="0"
    paragraph1="Registra a todas tus mascotas en tu cuenta "
    paragraph2="para llevarlas siempre contigo."
    subtitle1="Crea o ingresa tu cuenta "
    subtitle2="para comenzar."
    title="Crea tu cuenta"
  />
  <CardInfo
    id={1}
    key="1"
    paragraph1="Puedes registrar cualquier evento de "
    paragraph2="tus mascotas y no perderlos de vista."
    subtitle1="Registra y consulta "
    subtitle2="historiales medicos."
    title="Explora el historial medico"
  />
  <CardInfo
    btn="true"
    id={2}
    key="2"
    paragraph1="Consulta el historial medico de tus mascotas "
    paragraph2="en cualquier momento y lugar."
    subtitle1="Todo el historial medico "
    subtitle2="a tus manos."
    title="Siempre contigo"
  />
</div>
`;
